ApiError: User account not found
    at ApiError.notFound (webpack-internal:///(rsc)/./src/lib/api/api-error.ts:29:16)
    at resolveActiveUser (webpack-internal:///(rsc)/./src/features/customers/services/customer-profile.service.ts:27:72)
    at process.processTicksAndRejections (node:internal/process/task_queues:104:5)
    at async Object.getCustomerProfile (webpack-internal:///(rsc)/./src/features/customers/services/customer-profile.service.ts:36:22)
    at async GET (webpack-internal:///(rsc)/./src/app/api/customer/profile/route.ts:25:25)
    at async eval (webpack-internal:///(rsc)/./src/lib/api/api-handler.ts:115:20)
    at async AppRouteRouteModule.do (D:\Projects\Rithu snacks\rithu-snacks\node_modules\next\dist\compiled\next-server\app-route.runtime.dev.js:5:42791)
    at async AppRouteRouteModule.handle (D:\Projects\Rithu snacks\rithu-snacks\node_modules\next\dist\compiled\next-server\app-route.runtime.dev.js:5:50709)
    at async responseGenerator (webpack-internal:///(rsc)/./node_modules/next/dist/build/webpack/loaders/next-app-loader/index.js?name=app%2Fapi%2Fcustomer%2Fprofile%2Froute&page=%2Fapi%2Fcustomer%2Fprofile%2Froute&appPaths=&allNormalizedAppPaths=&pagePath=private-next-app-dir%2Fapi%2Fcustomer%2Fprofile%2Froute.ts&appDir=D%3A%5CProjects%5CRithu%20snacks%5Crithu-snacks%5Csrc%5Capp&pageExtensions=tsx&pageExtensions=ts&pageExtensions=jsx&pageExtensions=js&rootDir=D%3A%5CProjects%5CRithu%20snacks%5Crithu-snacks&isDev=true&tsconfigPath=&basePath=&assetPrefix=&nextConfigOutput=&preferredRegion=&middlewareConfig=e30%3D&isGlobalNotFoundEnabled=!:219:30)
    at async AppRouteRouteModule.handleResponse (D:\Projects\Rithu snacks\rithu-snacks\node_modules\next\dist\compiled\next-server\app-route.runtime.dev.js:1:248724)
    at async handleResponse (webpack-internal:///(rsc)/./node_modules/next/dist/build/webpack/loaders/next-app-loader/index.js?name=app%2Fapi%2Fcustomer%2Fprofile%2Froute&page=%2Fapi%2Fcustomer%2Fprofile%2Froute&appPaths=&allNormalizedAppPaths=&pagePath=private-next-app-dir%2Fapi%2Fcustomer%2Fprofile%2Froute.ts&appDir=D%3A%5CProjects%5CRithu%20snacks%5Crithu-snacks%5Csrc%5Capp&pageExtensions=tsx&pageExtensions=ts&pageExtensions=jsx&pageExtensions=js&rootDir=D%3A%5CProjects%5CRithu%20snacks%5Crithu-snacks&isDev=true&tsconfigPath=&basePath=&assetPrefix=&nextConfigOutput=&preferredRegion=&middlewareConfig=e30%3D&isGlobalNotFoundEnabled=!:292:32)
    at async Module.handler (webpack-internal:///(rsc)/./node_modules/next/dist/build/webpack/loaders/next-app-loader/index.js?name=app%2Fapi%2Fcustomer%2Fprofile%2Froute&page=%2Fapi%2Fcustomer%2Fprofile%2Froute&appPaths=&allNormalizedAppPaths=&pagePath=private-next-app-dir%2Fapi%2Fcustomer%2Fprofile%2Froute.ts&appDir=D%3A%5CProjects%5CRithu%20snacks%5Crithu-snacks%5Csrc%5Capp&pageExtensions=tsx&pageExtensions=ts&pageExtensions=jsx&pageExtensions=js&rootDir=D%3A%5CProjects%5CRithu%20snacks%5Crithu-snacks&isDev=true&tsconfigPath=&basePath=&assetPrefix=&nextConfigOutput=&preferredRegion=&middlewareConfig=e30%3D&isGlobalNotFoundEnabled=!:413:9)
    at async DevServer.renderToResponseWithComponentsImpl (D:\Projects\Rithu snacks\rithu-snacks\node_modules\next\dist\server\base-server.js:1537:9)
    at async DevServer.renderPageComponent (D:\Projects\Rithu snacks\rithu-snacks\node_modules\next\dist\server\base-server.js:1589:24)
    at async DevServer.renderToResponseImpl (D:\Projects\Rithu snacks\rithu-snacks\node_modules\next\dist\server\base-server.js:1639:32)
    at async DevServer.pipeImpl (D:\Projects\Rithu snacks\rithu-snacks\node_modules\next\dist\server\base-server.js:1088:25)
    at async NextNodeServer.handleCatchallRenderRequest (D:\Projects\Rithu snacks\rithu-snacks\node_modules\next\dist\server\next-server.js:338:17)
    at async DevServer.handleRequestImpl (D:\Projects\Rithu snacks\rithu-snacks\node_modules\next\dist\server\base-server.js:979:17)
    at async D:\Projects\Rithu snacks\rithu-snacks\node_modules\next\dist\server\dev\next-dev-server.js:426:20
    at async Span.traceAsyncFn (D:\Projects\Rithu snacks\rithu-snacks\node_modules\next\dist\trace\trace.js:164:20)
    at async DevServer.handleRequest (D:\Projects\Rithu snacks\rithu-snacks\node_modules\next\dist\server\dev\next-dev-server.js:422:24)
    at async invokeRender (D:\Projects\Rithu snacks\rithu-snacks\node_modules\next\dist\server\lib\router-server.js:306:21)
    at async handleRequest (D:\Projects\Rithu snacks\rithu-snacks\node_modules\next\dist\server\lib\router-server.js:508:24)
    at async requestHandlerImpl (D:\Projects\Rithu snacks\rithu-snacks\node_modules\next\dist\server\lib\router-server.js:565:13)
    at async Server.requestListener (D:\Projects\Rithu snacks\rithu-snacks\node_modules\next\dist\server\lib\start-server.js:225:13)